Testing scrapers...
Starting scrapers for: "ssd"
Scraping Star Tech: https://www.startech.com.bd/product/search?search=ssd
Scraping Ryans: https://www.ryans.com/search?q=ssd
node : Error fetching 
https://www.ryans.com/
search?q=ssd: Request 
failed with status 
code 403
At line:1 char:1
+ node 
test_scrapers.js > 
test_output.txt 2>&1
+ ~~~~~~~~~~~~~~~~~~~~
~~~~~~~~~~~~~~~~~~~~~~
~~
    + CategoryInfo    
          : NotSpeci  
  fied: (Error fetc   
 hing ...status co    
de 403:String) []    
, RemoteException
    + FullyQualifiedE 
   rrorId : NativeCo  
  mmandError
 
Found 20 total products from scrapes.
Results found: 20
Sample result: {
  "name": "COLORFUL SL300 128GB 2.5'' SATA III SSD",
  "price": 2500,
  "seller_name": "Star Tech",
  "stock_status": "In Stock",
  "url": "https://www.startech.com.bd/colorful-sl300-128gb-ssd",
  "image": "https://www.startech.com.bd/image/cache/catalog/ssd/colorful/sl500/sl500-228x228.JPG"
}
